  treinando ablation_completa_seed0 (550,000 passos)...
    -> conf 86.5% | |T-24| 0.89 | estacionado 0%
  treinando ablation_completa_seed1 (550,000 passos)...
    -> conf 86.5% | |T-24| 0.86 | estacionado 0%
  treinando ablation_completa_seed2 (550,000 passos)...
    -> conf 86.5% | |T-24| 0.79 | estacionado 0%
  treinando ablation_sem_gradiente_seed0 (550,000 passos)...
    -> conf 85.2% | |T-24| 1.21 | estacionado 0%
  treinando ablation_sem_gradiente_seed1 (550,000 passos)...
    -> conf 79.3% | |T-24| 1.59 | estacionado 0%
  treinando ablation_sem_gradiente_seed2 (550,000 passos)...
    -> conf 63.8% | |T-24| 1.59 | estacionado 11%
  treinando ablation_sem_penal_troca_seed0 (550,000 passos)...
    -> conf 86.5% | |T-24| 0.81 | estacionado 0%
  treinando ablation_sem_penal_troca_seed1 (550,000 passos)...
    -> conf 86.5% | |T-24| 0.96 | estacionado 0%
  treinando ablation_sem_penal_troca_seed2 (550,000 passos)...
    -> conf 86.5% | |T-24| 0.80 | estacionado 0%
  treinando ablation_sem_short_cycling_seed0 (550,000 passos)...
    -> conf 86.5% | |T-24| 0.83 | estacionado 0%
  treinando ablation_sem_short_cycling_seed1 (550,000 passos)...
    -> conf 86.5% | |T-24| 0.86 | estacionado 0%
  treinando ablation_sem_short_cycling_seed2 (550,000 passos)...
    -> conf 86.5% | |T-24| 0.83 | estacionado 0%
  treinando ablation_sem_penal_frio_seed0 (550,000 passos)...
    -> conf 86.5% | |T-24| 0.97 | estacionado 0%
  treinando ablation_sem_penal_frio_seed1 (550,000 passos)...
    -> conf 86.5% | |T-24| 0.91 | estacionado 0%
  treinando ablation_sem_penal_frio_seed2 (550,000 passos)...
    -> conf 86.5% | |T-24| 0.83 | estacionado 0%
  treinando ablation_quadratica_pura_seed0 (550,000 passos)...
    -> conf 86.5% | |T-24| 0.89 | estacionado 0%
  treinando ablation_quadratica_pura_seed1 (550,000 passos)...
    -> conf 86.2% | |T-24| 0.99 | estacionado 0%
  treinando ablation_quadratica_pura_seed2 (550,000 passos)...
    -> conf 86.5% | |T-24| 0.92 | estacionado 0%
  treinando ablation_degraus_legado_seed0 (550,000 passos)...
    -> conf 86.5% | |T-24| 0.88 | estacionado 0%
  treinando ablation_degraus_legado_seed1 (550,000 passos)...
    -> conf 86.5% | |T-24| 0.82 | estacionado 0%
  treinando ablation_degraus_legado_seed2 (550,000 passos)...
    -> conf 70.8% | |T-24| 1.60 | estacionado 0%
  treinando ablation_convencional_seed0 (550,000 passos)...
    -> conf 86.5% | |T-24| 0.96 | estacionado 0%
  treinando ablation_convencional_seed1 (550,000 passos)...
    -> conf 86.5% | |T-24| 0.96 | estacionado 0%
  treinando ablation_convencional_seed2 (550,000 passos)...
    -> conf 86.5% | |T-24| 0.85 | estacionado 0%

====================================================================================================
ABLAÇÃO DA RECOMPENSA — média ± desvio entre sementes
====================================================================================================
                  conf_larga_pct        conf_estreita_pct        desvio_ideal       sobreaq_pct        trocas_h       energia_kwh       cenarios_estacionados_pct      
                            mean    std              mean    std         mean   std        mean    std     mean   std        mean   std                      mean   std
variante                                                                                                                                                               
completa                   86.50   0.00             83.67   0.29         0.85  0.05        5.17   0.00     0.91  0.25       11.09  0.43                       0.0  0.00
sem_gradiente              76.11  11.03             47.72  13.67         1.46  0.22       13.78  12.20     0.65  0.30        9.86  0.69                       3.7  6.42
sem_penal_troca            86.50   0.00             82.06   3.08         0.86  0.09        5.17   0.00     0.92  0.25       10.87  0.65                       0.0  0.00
sem_short_cycling          86.50   0.00             83.67   0.29         0.84  0.02        5.17   0.00     0.91  0.18       10.53  0.37                       0.0  0.00
sem_penal_frio             86.50   0.00             82.56   1.11         0.90  0.07        5.17   0.00     0.81  0.08       11.14  0.20                       0.0  0.00
quadratica_pura            86.39   0.19             82.33   1.59         0.93  0.05        5.17   0.00     0.76  0.03       10.91  0.05                       0.0  0.00
degraus_legado             81.28   9.05             69.11  21.75         1.10  0.43        9.94   8.28     1.00  0.27       10.76  0.73                       0.0  0.00
convencional               86.50   0.00             83.11   1.25         0.92  0.07        5.17   0.00     0.96  0.11       10.23  0.41                       0.0  0.00

Degradação em conforto vs. recompensa completa (86.5%):
  sem_gradiente           -10.4 pp
  sem_penal_troca          +0.0 pp
  sem_short_cycling        +0.0 pp
  sem_penal_frio           +0.0 pp
  quadratica_pura          -0.1 pp
  degraus_legado           -5.2 pp
  convencional             +0.0 pp

resultados em results_ablation/
