4 treinos de 250,000 passos. algoritmos=['TD3', 'SAC']

======================================================================
TD3_Lab_Precisao_seed0_lab2  (250,000 passos)
======================================================================
-> concluído em 21.8 min | models_lab2/TD3_Lab_Precisao_seed0_lab2.zip

======================================================================
TD3_Lab_Equilibrado_seed0_lab2  (250,000 passos)
======================================================================
-> concluído em 21.6 min | models_lab2/TD3_Lab_Equilibrado_seed0_lab2.zip

======================================================================
TD3_Lab_Economico_seed0_lab2  (250,000 passos)
======================================================================
-> concluído em 21.8 min | models_lab2/TD3_Lab_Economico_seed0_lab2.zip

======================================================================
SAC_Lab_Precisao_seed0_lab2  (250,000 passos)
======================================================================
-> concluído em 26.7 min | models_lab2/SAC_Lab_Precisao_seed0_lab2.zip

======================================================================
SAC_Lab_Equilibrado_seed0_lab2  (250,000 passos)
======================================================================
-> concluído em 26.8 min | models_lab2/SAC_Lab_Equilibrado_seed0_lab2.zip

======================================================================
SAC_Lab_Economico_seed0_lab2  (250,000 passos)
======================================================================
-> concluído em 30.9 min | models_lab2/SAC_Lab_Economico_seed0_lab2.zip

Treinamento concluído.
