9 treinos de 550,000 passos. algoritmos=['DQN']

======================================================================
DQN_Lab_Precisao_seed0  (550,000 passos)
======================================================================
-> concluído em 4.7 min | models_lab/DQN_Lab_Precisao_seed0.zip

======================================================================
DQN_Lab_Equilibrado_seed0  (550,000 passos)
======================================================================
-> concluído em 4.8 min | models_lab/DQN_Lab_Equilibrado_seed0.zip

======================================================================
DQN_Lab_Economico_seed0  (550,000 passos)
======================================================================
-> concluído em 4.5 min | models_lab/DQN_Lab_Economico_seed0.zip

======================================================================
DQN_Lab_Precisao_seed1  (550,000 passos)
======================================================================
-> concluído em 4.6 min | models_lab/DQN_Lab_Precisao_seed1.zip

======================================================================
DQN_Lab_Equilibrado_seed1  (550,000 passos)
======================================================================
-> concluído em 4.6 min | models_lab/DQN_Lab_Equilibrado_seed1.zip

======================================================================
DQN_Lab_Economico_seed1  (550,000 passos)
======================================================================
-> concluído em 4.5 min | models_lab/DQN_Lab_Economico_seed1.zip

======================================================================
DQN_Lab_Precisao_seed2  (550,000 passos)
======================================================================
-> concluído em 4.5 min | models_lab/DQN_Lab_Precisao_seed2.zip

======================================================================
DQN_Lab_Equilibrado_seed2  (550,000 passos)
======================================================================
-> concluído em 4.5 min | models_lab/DQN_Lab_Equilibrado_seed2.zip

======================================================================
DQN_Lab_Economico_seed2  (550,000 passos)
======================================================================
-> concluído em 4.4 min | models_lab/DQN_Lab_Economico_seed2.zip

Treinamento concluído.
